// Jest Snapshot v1, https://goo.gl/fbAQLP

exports[`snapshot test 1`] = `
Object {
  "Resources": Object {
    "CloudTrailA62D711D": Object {
      "DependsOn": Array [
        "CloudTrailLogsRoleDefaultPolicyD9019B15",
        "CloudTrailLogsRole9F6E6663",
        "CloudTrailS3PolicyEA49A03E",
      ],
      "Properties": Object {
        "CloudWatchLogsLogGroupArn": Object {
          "Fn::GetAtt": Array [
            "CloudTrailLogGroup343A29D6",
            "Arn",
          ],
        },
        "CloudWatchLogsRoleArn": Object {
          "Fn::GetAtt": Array [
            "CloudTrailLogsRole9F6E6663",
            "Arn",
          ],
        },
        "EnableLogFileValidation": true,
        "EventSelectors": Array [
          Object {
            "IncludeManagementEvents": true,
            "ReadWriteType": "All",
          },
        ],
        "IncludeGlobalServiceEvents": true,
        "IsLogging": true,
        "IsMultiRegionTrail": true,
        "S3BucketName": Object {
          "Ref": "CloudTrailS310CD22F2",
        },
      },
      "Type": "AWS::CloudTrail::Trail",
    },
    "CloudTrailLogGroup343A29D6": Object {
      "DeletionPolicy": "Retain",
      "Properties": Object {
        "RetentionInDays": 90,
      },
      "Type": "AWS::Logs::LogGroup",
      "UpdateReplacePolicy": "Retain",
    },
    "CloudTrailLogsRole9F6E6663": Object {
      "Properties": Object {
        "AssumeRolePolicyDocument": Object {
          "Statement": Array [
            Object {
              "Action": "sts:AssumeRole",
              "Effect": "Allow",
              "Principal": Object {
                "Service": "cloudtrail.amazonaws.com",
              },
            },
          ],
          "Version": "2012-10-17",
        },
      },
      "Type": "AWS::IAM::Role",
    },
    "CloudTrailLogsRoleDefaultPolicyD9019B15": Object {
      "Properties": Object {
        "PolicyDocument": Object {
          "Statement": Array [
            Object {
              "Action": Array [
                "logs:PutLogEvents",
                "logs:CreateLogStream",
              ],
              "Effect": "Allow",
              "Resource": Object {
                "Fn::GetAtt": Array [
                  "CloudTrailLogGroup343A29D6",
                  "Arn",
                ],
              },
            },
          ],
          "Version": "2012-10-17",
        },
        "PolicyName": "CloudTrailLogsRoleDefaultPolicyD9019B15",
        "Roles": Array [
          Object {
            "Ref": "CloudTrailLogsRole9F6E6663",
          },
        ],
      },
      "Type": "AWS::IAM::Policy",
    },
    "CloudTrailS310CD22F2": Object {
      "DeletionPolicy": "Retain",
      "Type": "AWS::S3::Bucket",
      "UpdateReplacePolicy": "Retain",
    },
    "CloudTrailS3PolicyEA49A03E": Object {
      "Properties": Object {
        "Bucket": Object {
          "Ref": "CloudTrailS310CD22F2",
        },
        "PolicyDocument": Object {
          "Statement": Array [
            Object {
              "Action": "s3:GetBucketAcl",
              "Effect": "Allow",
              "Principal": Object {
                "Service": "cloudtrail.amazonaws.com",
              },
              "Resource": Object {
                "Fn::GetAtt": Array [
                  "CloudTrailS310CD22F2",
                  "Arn",
                ],
              },
            },
            Object {
              "Action": "s3:PutObject",
              "Condition": Object {
                "StringEquals": Object {
                  "s3:x-amz-acl": "bucket-owner-full-control",
                },
              },
              "Effect": "Allow",
              "Principal": Object {
                "Service": "cloudtrail.amazonaws.com",
              },
              "Resource": Object {
                "Fn::Join": Array [
                  "",
                  Array [
                    Object {
                      "Fn::GetAtt": Array [
                        "CloudTrailS310CD22F2",
                        "Arn",
                      ],
                    },
                    "/AWSLogs/",
                    Object {
                      "Ref": "AWS::AccountId",
                    },
                    "/*",
                  ],
                ],
              },
            },
          ],
          "Version": "2012-10-17",
        },
      },
      "Type": "AWS::S3::BucketPolicy",
    },
  },
}
`;
